// Jest Snapshot v1, https://goo.gl/fbAQLP

exports[`modal component matches snapshot 1`] = `
<DocumentFragment>
  <div
    class="modalBackdrop"
    id="backdrop"
  >
    <div
      class="modalContainer"
    >
      <h3
        class="modalTitle"
      >
        Grocery aisle
      </h3>
      <img
        alt="Grocery aisle"
      />
      <p>
        Lorem ipsum dolor sit amet, consectetur adipiscing elit. Nunc ultricie
      </p>
      <button
        data-testid="close-modal"
        id="close-button"
        type="button"
      >
        Close this modal
      </button>
    </div>
  </div>
</DocumentFragment>
`;
